[backblue.gif]
[fade.gif]
[index.html]
[localhost/feed/index.html]
[localhost/wp-content/plugins/mesmerize-companion/theme-data/mesmerize/assets/js/libs/modernizr0504.js]
[localhost/wp-content/plugins/mesmerize-companion/theme-data/mesmerize/assets/js/libs/hammer0504.js]
[localhost/comments/feed/index.html]
[localhost/wp-includes/js/jquery/jqueryb8ff.js]
[localhost/wp-includes/js/jquery/jquery-migrate.min330a.js]
[localhost/wp-content/plugins/mesmerize-companion/theme-data/mesmerize/assets/js/HoverFX0504.js]
[localhost/wp-content/plugins/mesmerize-companion/theme-data/mesmerize/assets/js/countup0504.js]
[localhost/wp-content/plugins/mesmerize-companion/theme-data/mesmerize/sections/scripts0504.js]
[localhost/wp-json/oembed/1.0/embed1408.json]
[localhost/wp-includes/wlwmanifest.xml]
[localhost/wp-json/index.html]
[localhost/xmlrpc0db0.php]
[localhost/wp-json/oembed/1.0/embed7e56]
[localhost/wp-content/uploads/2017/12/HKP-GAS.png]
[localhost/wp-content/uploads/2017/12/103394974-GettyImages-501418632.jpg]
[localhost/wp-content/uploads/2017/12/ind-rox-downstream-l008-accurateflowregimes-data-46164.jpg]
[localhost/index.html]
[localhost/wp-content/themes/mesmerize/stylec358.css]
[localhost/wp-content/uploads/2017/12/Dubai_Expo_2020_Logo.png]
[localhost/wp-content/uploads/2017/12/img1.jpg]
[localhost/wp-content/plugins/contact-form-7/includes/js/scripts20fd.js]
[localhost/wp-content/plugins/mesmerize-companion/theme-data/mesmerize/assets/css/common0504.css]
[localhost/wp-content/plugins/mesmerize-companion/theme-data/mesmerize/sections/content0504.css]
[localhost/wp-content/themes/mesmerize/assets/js/smoothscroll.minc358.js]
[localhost/wp-includes/js/jquery/ui/effect-slide.mine899.js]
[localhost/wp-includes/js/jquery/ui/effect.mine899.js]
[localhost/wp-content/plugins/contact-form-7/includes/css/styles20fd.css]
[localhost/wp-content/themes/mesmerize/assets/js/drop_menu_selection.minc358.js]
[localhost/wp-content/themes/mesmerize/assets/font-awesome/font-awesome.minc358.css]
[localhost/wp-content/themes/mesmerize/assets/js/kube.minc358.js]
[localhost/wp-content/themes/mesmerize/assets/js/libs/fixto.minc358.js]
[localhost/wp-content/themes/mesmerize/assets/js/stickyc358.js]
[localhost/wp-content/themes/mesmerize/assets/css/animate.minc358.css]
[localhost/wp-includes/js/imagesloaded.min55a0.js]
[localhost/wp-content/themes/mesmerize/assets/css/webgradients.minc358.css]
[localhost/wp-includes/js/masonry.mind617.js]
[localhost/wp-content/themes/mesmerize/customizer/kirki/assets/css/kirki-styles.css]
[localhost/wp-includes/js/comment-reply.min5859.js]
[localhost/wp-content/themes/mesmerize/assets/js/themec358.js]
[localhost/wp-includes/js/wp-embed.min5859.js]
[localhost/wp-content/plugins/mesmerize-companion/theme-data/mesmerize/sections/images/mockup-863469.jpg]
[localhost/wp-content/plugins/mesmerize-companion/theme-data/mesmerize/sections/images/apple-1838564.jpg]
[localhost/wp-content/plugins/contact-form-7/images/ajax-loader.gif]
[localhost/wp-content/themes/mesmerize/assets/fonts/fontawesome-webfont3e6e.eot]
[localhost/wp-content/themes/mesmerize/assets/fonts/fontawesome-webfontd41d.eot]
[localhost/wp-content/themes/mesmerize/assets/fonts/fontawesome-webfont3e6e.woff]
[localhost/wp-json/oembed/1.0/embed1144.json]
[localhost/wp-content/themes/mesmerize/assets/fonts/fontawesome-webfont3e6e.ttf]
[localhost/wp-json/oembed/1.0/embed776b]
[localhost/wp-content/themes/mesmerize/assets/images/header-shapes/circles.png]
[localhost/wp-content/uploads/2017/12/WhatsApp-Image-2017-12-22-at-6.39.37-PM-1.jpg]
[localhost/about-us/index.html]
[localhost/wp-json/oembed/1.0/embed5d7a.json]
[localhost/wp-json/oembed/1.0/embed2c2f]
[localhost/wp-content/plugins/siteorigin-panels/js/styling-260.mind315.js]
[localhost/wp-content/plugins/so-widgets-bundle/widgets/google-map/js/js-map.min4a80.js]
[localhost/contact-us/index.html]
[localhost/wp-content/themes/mesmerize/assets/fonts/fontawesome-webfont3e6e.html]
[localhost/wp-content/themes/mesmerize/assets/fonts/fontawesome-webfont3e6e.svg]
[localhost/wp-content/plugins/siteorigin-panels/css/front-flexd315.css]
[localhost/wp-content/uploads/siteorigin-widgets/sow-image-default-eef982a7180b5859.css]
[localhost/wp-content/uploads/siteorigin-widgets/sow-headline-default-310e8d2313685859.css]
[localhost/index8054.html]
[localhost/wp-content/uploads/siteorigin-widgets/sow-headline-default-ad0a257e4fa75859.css]
[localhost/wp-content/plugins/so-widgets-bundle/widgets/features/css/fonts/feature-background.eot]
[localhost/wp-content/plugins/so-widgets-bundle/widgets/features/css/fonts/feature-background.woff]
[localhost/wp-content/plugins/so-widgets-bundle/widgets/features/css/fonts/feature-background.ttf]
[localhost/wp-content/plugins/so-widgets-bundle/widgets/features/css/style4a80.css]
[localhost/wp-content/uploads/siteorigin-widgets/sow-features-default-e97c2ff86cc35859.css]
[localhost/index5fb3.html]
[localhost/wp-content/plugins/so-widgets-bundle/icons/fontawesome/font/fontawesome-webfont3e6e.eot]
[localhost/wp-content/plugins/so-widgets-bundle/icons/fontawesome/font/fontawesome-webfontd41d.eot]
[localhost/wp-content/plugins/so-widgets-bundle/icons/fontawesome/font/fontawesome-webfont3e6e.woff]
[localhost/wp-content/plugins/so-widgets-bundle/icons/fontawesome/font/fontawesome-webfont3e6e.ttf]
[localhost/wp-content/plugins/so-widgets-bundle/icons/fontawesome/style5859.css]
[localhost/wp-content/plugins/so-widgets-bundle/widgets/google-map/css/style4a80.css]
[localhost/wp-content/plugins/so-widgets-bundle/widgets/features/css/fonts/feature-background.svg]
[localhost/wp-content/plugins/so-widgets-bundle/icons/fontawesome/font/fontawesome-webfont3e6e.html]
[localhost/wp-content/plugins/so-widgets-bundle/icons/fontawesome/font/fontawesome-webfont3e6e.svg]
